// Jest Snapshot v1, https://goo.gl/fbAQLP

exports[`baseFooter shallow BaseFooter match Snapshot 1`] = `
ShallowWrapper {
  Symbol(enzyme.__root__): [Circular],
  Symbol(enzyme.__unrendered__): <WithStyles(BaseFooter)
    height={200}
  >
    <h1
      className="roboto-light white"
    >
      Footer content here
    </h1>
  </WithStyles(BaseFooter)>,
  Symbol(enzyme.__renderer__): Object {
    "batchedUpdates": [Function],
    "getNode": [Function],
    "render": [Function],
    "simulateError": [Function],
    "simulateEvent": [Function],
    "unmount": [Function],
  },
  Symbol(enzyme.__node__): Object {
    "instance": null,
    "key": undefined,
    "nodeType": "class",
    "props": Object {
      "children": <h1
        className="roboto-light white"
      >
        Footer content here
      </h1>,
      "classes": Object {
        "footer": "BaseFooter-footer-1",
      },
      "height": 200,
    },
    "ref": null,
    "rendered": Object {
      "instance": null,
      "key": undefined,
      "nodeType": "host",
      "props": Object {
        "children": "Footer content here",
        "className": "roboto-light white",
      },
      "ref": null,
      "rendered": "Footer content here",
      "type": "h1",
    },
    "type": [Function],
  },
  Symbol(enzyme.__nodes__): Array [
    Object {
      "instance": null,
      "key": undefined,
      "nodeType": "class",
      "props": Object {
        "children": <h1
          className="roboto-light white"
        >
          Footer content here
        </h1>,
        "classes": Object {
          "footer": "BaseFooter-footer-1",
        },
        "height": 200,
      },
      "ref": null,
      "rendered": Object {
        "instance": null,
        "key": undefined,
        "nodeType": "host",
        "props": Object {
          "children": "Footer content here",
          "className": "roboto-light white",
        },
        "ref": null,
        "rendered": "Footer content here",
        "type": "h1",
      },
      "type": [Function],
    },
  ],
  Symbol(enzyme.__options__): Object {
    "adapter": ReactSixteenAdapter {
      "options": Object {
        "enableComponentDidUpdateOnSetState": true,
        "lifecycles": Object {
          "componentDidUpdate": Object {
            "onSetState": true,
          },
          "getDerivedStateFromProps": true,
          "getSnapshotBeforeUpdate": true,
          "setState": Object {
            "skipsComponentDidUpdateOnNullish": true,
          },
        },
      },
    },
  },
}
`;
