// Jest Snapshot v1, https://goo.gl/fbAQLP

exports[`TextField shallow TextField match Snapshot 1`] = `
ShallowWrapper {
  Symbol(enzyme.__root__): [Circular],
  Symbol(enzyme.__unrendered__): <TextField
    id="textField 24"
    label=""
    required={false}
    showHelper={false}
    value=""
  />,
  Symbol(enzyme.__renderer__): Object {
    "batchedUpdates": [Function],
    "getNode": [Function],
    "render": [Function],
    "simulateError": [Function],
    "simulateEvent": [Function],
    "unmount": [Function],
  },
  Symbol(enzyme.__node__): Object {
    "instance": null,
    "key": undefined,
    "nodeType": "class",
    "props": Object {
      "aria-describedby": "textField 24",
      "children": Array [
        <TextField
          error={false}
          id="textField 24"
          label=""
          margin="normal"
          onBlur={[Function]}
          onChange={[Function]}
          onFocus={[Function]}
          required={false}
          select={false}
          showHelper={false}
          value=""
          variant="standard"
        />,
        "",
        "",
      ],
      "required": false,
      "style": Object {
        "maxWidth": "100%",
        "minWidth": "0",
      },
    },
    "ref": null,
    "rendered": Array [
      Object {
        "instance": null,
        "key": undefined,
        "nodeType": "class",
        "props": Object {
          "error": false,
          "id": "textField 24",
          "label": "",
          "margin": "normal",
          "onBlur": [Function],
          "onChange": [Function],
          "onFocus": [Function],
          "required": false,
          "select": false,
          "showHelper": false,
          "value": "",
          "variant": "standard",
        },
        "ref": null,
        "rendered": null,
        "type": [Function],
      },
      "",
      "",
    ],
    "type": [Function],
  },
  Symbol(enzyme.__nodes__): Array [
    Object {
      "instance": null,
      "key": undefined,
      "nodeType": "class",
      "props": Object {
        "aria-describedby": "textField 24",
        "children": Array [
          <TextField
            error={false}
            id="textField 24"
            label=""
            margin="normal"
            onBlur={[Function]}
            onChange={[Function]}
            onFocus={[Function]}
            required={false}
            select={false}
            showHelper={false}
            value=""
            variant="standard"
          />,
          "",
          "",
        ],
        "required": false,
        "style": Object {
          "maxWidth": "100%",
          "minWidth": "0",
        },
      },
      "ref": null,
      "rendered": Array [
        Object {
          "instance": null,
          "key": undefined,
          "nodeType": "class",
          "props": Object {
            "error": false,
            "id": "textField 24",
            "label": "",
            "margin": "normal",
            "onBlur": [Function],
            "onChange": [Function],
            "onFocus": [Function],
            "required": false,
            "select": false,
            "showHelper": false,
            "value": "",
            "variant": "standard",
          },
          "ref": null,
          "rendered": null,
          "type": [Function],
        },
        "",
        "",
      ],
      "type": [Function],
    },
  ],
  Symbol(enzyme.__options__): Object {
    "adapter": ReactSixteenAdapter {
      "options": Object {
        "enableComponentDidUpdateOnSetState": true,
        "lifecycles": Object {
          "componentDidUpdate": Object {
            "onSetState": true,
          },
          "getDerivedStateFromProps": true,
          "getSnapshotBeforeUpdate": true,
          "setState": Object {
            "skipsComponentDidUpdateOnNullish": true,
          },
        },
      },
    },
    "attachTo": undefined,
    "hydrateIn": undefined,
  },
}
`;
