// Jest Snapshot v1, https://goo.gl/fbAQLP

exports[`ObjectiveCard shallow ObjectiveCard match Snapshot 1`] = `
ShallowWrapper {
  Symbol(enzyme.__root__): [Circular],
  Symbol(enzyme.__unrendered__): <ObjectiveCard />,
  Symbol(enzyme.__renderer__): Object {
    "batchedUpdates": [Function],
    "checkPropTypes": [Function],
    "getNode": [Function],
    "render": [Function],
    "simulateError": [Function],
    "simulateEvent": [Function],
    "unmount": [Function],
  },
  Symbol(enzyme.__node__): Object {
    "instance": null,
    "key": undefined,
    "nodeType": "class",
    "props": Object {
      "children": Array [
        <Grid
          container={true}
          direction="row"
        >
          <Grid
            item={true}
          >
            <img
              border="0"
            />
          </Grid>
          <Grid
            item={true}
          >
            <Typography
              style={Object {}}
              variant="h2"
            />
          </Grid>
        </Grid>,
        <div>
          <Typography
            style={
              Object {
                "fontSize": "16px",
              }
            }
            variant="caption"
          />
        </div>,
        <div>
          <Typography
            variant="body2"
          >
            0
          </Typography>
        </div>,
      ],
      "className": "ph4 pv4 flex-column undefined",
      "elevation": 1,
    },
    "ref": null,
    "rendered": Array [
      Object {
        "instance": null,
        "key": undefined,
        "nodeType": "class",
        "props": Object {
          "children": Array [
            <Grid
              item={true}
            >
              <img
                border="0"
              />
            </Grid>,
            <Grid
              item={true}
            >
              <Typography
                style={Object {}}
                variant="h2"
              />
            </Grid>,
          ],
          "container": true,
          "direction": "row",
        },
        "ref": null,
        "rendered": Array [
          Object {
            "instance": null,
            "key": undefined,
            "nodeType": "class",
            "props": Object {
              "children": <img
                border="0"
              />,
              "item": true,
            },
            "ref": null,
            "rendered": Object {
              "instance": null,
              "key": undefined,
              "nodeType": "host",
              "props": Object {
                "alt": undefined,
                "border": "0",
                "height": undefined,
                "src": undefined,
                "width": undefined,
              },
              "ref": null,
              "rendered": null,
              "type": "img",
            },
            "type": [Function],
          },
          Object {
            "instance": null,
            "key": undefined,
            "nodeType": "class",
            "props": Object {
              "children": <Typography
                style={Object {}}
                variant="h2"
              />,
              "item": true,
            },
            "ref": null,
            "rendered": Object {
              "instance": null,
              "key": undefined,
              "nodeType": "class",
              "props": Object {
                "children": undefined,
                "style": Object {},
                "variant": "h2",
              },
              "ref": null,
              "rendered": null,
              "type": [Function],
            },
            "type": [Function],
          },
        ],
        "type": [Function],
      },
      Object {
        "instance": null,
        "key": undefined,
        "nodeType": "host",
        "props": Object {
          "children": <Typography
            style={
              Object {
                "fontSize": "16px",
              }
            }
            variant="caption"
          />,
        },
        "ref": null,
        "rendered": Object {
          "instance": null,
          "key": undefined,
          "nodeType": "class",
          "props": Object {
            "children": undefined,
            "style": Object {
              "fontSize": "16px",
            },
            "variant": "caption",
          },
          "ref": null,
          "rendered": null,
          "type": [Function],
        },
        "type": "div",
      },
      Object {
        "instance": null,
        "key": undefined,
        "nodeType": "host",
        "props": Object {
          "children": <Typography
            variant="body2"
          >
            0
          </Typography>,
        },
        "ref": null,
        "rendered": Object {
          "instance": null,
          "key": undefined,
          "nodeType": "class",
          "props": Object {
            "children": 0,
            "variant": "body2",
          },
          "ref": null,
          "rendered": 0,
          "type": [Function],
        },
        "type": "div",
      },
    ],
    "type": [Function],
  },
  Symbol(enzyme.__nodes__): Array [
    Object {
      "instance": null,
      "key": undefined,
      "nodeType": "class",
      "props": Object {
        "children": Array [
          <Grid
            container={true}
            direction="row"
          >
            <Grid
              item={true}
            >
              <img
                border="0"
              />
            </Grid>
            <Grid
              item={true}
            >
              <Typography
                style={Object {}}
                variant="h2"
              />
            </Grid>
          </Grid>,
          <div>
            <Typography
              style={
                Object {
                  "fontSize": "16px",
                }
              }
              variant="caption"
            />
          </div>,
          <div>
            <Typography
              variant="body2"
            >
              0
            </Typography>
          </div>,
        ],
        "className": "ph4 pv4 flex-column undefined",
        "elevation": 1,
      },
      "ref": null,
      "rendered": Array [
        Object {
          "instance": null,
          "key": undefined,
          "nodeType": "class",
          "props": Object {
            "children": Array [
              <Grid
                item={true}
              >
                <img
                  border="0"
                />
              </Grid>,
              <Grid
                item={true}
              >
                <Typography
                  style={Object {}}
                  variant="h2"
                />
              </Grid>,
            ],
            "container": true,
            "direction": "row",
          },
          "ref": null,
          "rendered": Array [
            Object {
              "instance": null,
              "key": undefined,
              "nodeType": "class",
              "props": Object {
                "children": <img
                  border="0"
                />,
                "item": true,
              },
              "ref": null,
              "rendered": Object {
                "instance": null,
                "key": undefined,
                "nodeType": "host",
                "props": Object {
                  "alt": undefined,
                  "border": "0",
                  "height": undefined,
                  "src": undefined,
                  "width": undefined,
                },
                "ref": null,
                "rendered": null,
                "type": "img",
              },
              "type": [Function],
            },
            Object {
              "instance": null,
              "key": undefined,
              "nodeType": "class",
              "props": Object {
                "children": <Typography
                  style={Object {}}
                  variant="h2"
                />,
                "item": true,
              },
              "ref": null,
              "rendered": Object {
                "instance": null,
                "key": undefined,
                "nodeType": "class",
                "props": Object {
                  "children": undefined,
                  "style": Object {},
                  "variant": "h2",
                },
                "ref": null,
                "rendered": null,
                "type": [Function],
              },
              "type": [Function],
            },
          ],
          "type": [Function],
        },
        Object {
          "instance": null,
          "key": undefined,
          "nodeType": "host",
          "props": Object {
            "children": <Typography
              style={
                Object {
                  "fontSize": "16px",
                }
              }
              variant="caption"
            />,
          },
          "ref": null,
          "rendered": Object {
            "instance": null,
            "key": undefined,
            "nodeType": "class",
            "props": Object {
              "children": undefined,
              "style": Object {
                "fontSize": "16px",
              },
              "variant": "caption",
            },
            "ref": null,
            "rendered": null,
            "type": [Function],
          },
          "type": "div",
        },
        Object {
          "instance": null,
          "key": undefined,
          "nodeType": "host",
          "props": Object {
            "children": <Typography
              variant="body2"
            >
              0
            </Typography>,
          },
          "ref": null,
          "rendered": Object {
            "instance": null,
            "key": undefined,
            "nodeType": "class",
            "props": Object {
              "children": 0,
              "variant": "body2",
            },
            "ref": null,
            "rendered": 0,
            "type": [Function],
          },
          "type": "div",
        },
      ],
      "type": [Function],
    },
  ],
  Symbol(enzyme.__options__): Object {
    "adapter": ReactSixteenAdapter {
      "options": Object {
        "enableComponentDidUpdateOnSetState": true,
        "legacyContextMode": "parent",
        "lifecycles": Object {
          "componentDidUpdate": Object {
            "onSetState": true,
          },
          "getChildContext": Object {
            "calledByRenderer": false,
          },
          "getDerivedStateFromProps": true,
          "getSnapshotBeforeUpdate": true,
          "setState": Object {
            "skipsComponentDidUpdateOnNullish": true,
          },
        },
      },
    },
  },
}
`;
