// Jest Snapshot v1, https://goo.gl/fbAQLP

exports[`LineCirclesBox shallow LineCirclesBox match Snapshot 1`] = `
ShallowWrapper {
  Symbol(enzyme.__root__): [Circular],
  Symbol(enzyme.__unrendered__): <WithStyles(LineCirclesBox)
    lineColor="#99251d"
  >
    Lorem ipsum dolor sit amet.
  </WithStyles(LineCirclesBox)>,
  Symbol(enzyme.__renderer__): Object {
    "batchedUpdates": [Function],
    "checkPropTypes": [Function],
    "getNode": [Function],
    "render": [Function],
    "simulateError": [Function],
    "simulateEvent": [Function],
    "unmount": [Function],
  },
  Symbol(enzyme.__node__): Object {
    "instance": null,
    "key": undefined,
    "nodeType": "class",
    "props": Object {
      "children": "Lorem ipsum dolor sit amet.",
      "classes": Object {
        "line": "LineCirclesBox-line-1",
      },
      "lineColor": "#99251d",
    },
    "ref": null,
    "rendered": "Lorem ipsum dolor sit amet.",
    "type": [Function],
  },
  Symbol(enzyme.__nodes__): Array [
    Object {
      "instance": null,
      "key": undefined,
      "nodeType": "class",
      "props": Object {
        "children": "Lorem ipsum dolor sit amet.",
        "classes": Object {
          "line": "LineCirclesBox-line-1",
        },
        "lineColor": "#99251d",
      },
      "ref": null,
      "rendered": "Lorem ipsum dolor sit amet.",
      "type": [Function],
    },
  ],
  Symbol(enzyme.__options__): Object {
    "adapter": ReactSixteenAdapter {
      "options": Object {
        "enableComponentDidUpdateOnSetState": true,
        "legacyContextMode": "parent",
        "lifecycles": Object {
          "componentDidUpdate": Object {
            "onSetState": true,
          },
          "getChildContext": Object {
            "calledByRenderer": false,
          },
          "getDerivedStateFromProps": true,
          "getSnapshotBeforeUpdate": true,
          "setState": Object {
            "skipsComponentDidUpdateOnNullish": true,
          },
        },
      },
    },
  },
}
`;
