// Jest Snapshot v1, https://goo.gl/fbAQLP

exports[`FinancialPanel shallow FinancialPanel match Snapshot 1`] = `
ShallowWrapper {
  Symbol(enzyme.__root__): [Circular],
  Symbol(enzyme.__unrendered__): <WithStyles(FinancialPanel)
    color="#0580C4"
    data={
      Object {
        "cnpj": "05.488.919/001-90",
        "gross": 297321988,
        "index": "CDI",
        "name": "AZ Legan Low VOL",
        "performance24": 1.38,
        "portfolio": "Ações, moedas, mercado de juros",
        "walletComposition": 0.2,
      }
    }
    headerName="Multimercado"
    headerPercentage="0.35"
  />,
  Symbol(enzyme.__renderer__): Object {
    "batchedUpdates": [Function],
    "getNode": [Function],
    "render": [Function],
    "simulateError": [Function],
    "simulateEvent": [Function],
    "unmount": [Function],
  },
  Symbol(enzyme.__node__): Object {
    "instance": null,
    "key": undefined,
    "nodeType": "class",
    "props": Object {
      "classes": Object {},
      "color": "#0580C4",
      "data": Object {
        "cnpj": "05.488.919/001-90",
        "gross": 297321988,
        "index": "CDI",
        "name": "AZ Legan Low VOL",
        "performance24": 1.38,
        "portfolio": "Ações, moedas, mercado de juros",
        "walletComposition": 0.2,
      },
      "headerName": "Multimercado",
      "headerPercentage": "0.35",
    },
    "ref": null,
    "rendered": null,
    "type": [Function],
  },
  Symbol(enzyme.__nodes__): Array [
    Object {
      "instance": null,
      "key": undefined,
      "nodeType": "class",
      "props": Object {
        "classes": Object {},
        "color": "#0580C4",
        "data": Object {
          "cnpj": "05.488.919/001-90",
          "gross": 297321988,
          "index": "CDI",
          "name": "AZ Legan Low VOL",
          "performance24": 1.38,
          "portfolio": "Ações, moedas, mercado de juros",
          "walletComposition": 0.2,
        },
        "headerName": "Multimercado",
        "headerPercentage": "0.35",
      },
      "ref": null,
      "rendered": null,
      "type": [Function],
    },
  ],
  Symbol(enzyme.__options__): Object {
    "adapter": ReactSixteenAdapter {
      "options": Object {
        "enableComponentDidUpdateOnSetState": true,
        "lifecycles": Object {
          "componentDidUpdate": Object {
            "onSetState": true,
          },
          "getDerivedStateFromProps": true,
          "getSnapshotBeforeUpdate": true,
          "setState": Object {
            "skipsComponentDidUpdateOnNullish": true,
          },
        },
      },
    },
  },
}
`;
